classic-chicken-teriyaki CHANGE PROTEIN | CHICKEN | Beef
            
                                ✓ | Chicken
            
                                ✓ | Salmon
            
                                ✓ | Shrimp
            
                                ✓ | Tofu
            
                                ✓
classic-beef-teriyaki CHANGE PROTEIN | BEEF | Beef
            
                                ✓ | Chicken
            
                                ✓ | Salmon
            
                                ✓ | Shrimp
            
                                ✓ | Tofu
            
                                ✓
bentobox CHANGE PROTEIN | CHICKEN | Beef
            
                                ✓ | Chicken
            
                                ✓ | Salmon
            
                                ✓ | Shrimp
            
                                ✓ | Tofu
            
                                ✓
pineapple-chicken CHANGE PROTEIN | CHICKEN | Beef
            
                                ✓ | Chicken
            
                                ✓ | Salmon
            
                                ✓ | Shrimp
            
                                ✓ | Tofu
            
                                ✓
hot-spicy-chicken CHANGE PROTEIN | CHICKEN | Beef
            
                                ✓ | Chicken
            
                                ✓ | Salmon
            
                                ✓ | Shrimp
            
                                ✓ | Tofu
            
                                ✓
ginger-seseme-beef CHANGE PROTEIN | BEEF | Beef
            
                                ✓ | Chicken
            
                                ✓ | Salmon
            
                                ✓ | Shrimp
            
                                ✓ | Tofu
            
                                ✓
protein-bowl CHANGE PROTEIN | CHICKEN | Beef
            
                                ✓ | Chicken
            
                                ✓ | Salmon
            
                                ✓ | Shrimp
            
                                ✓ | Tofu
            
                                ✓
pan-asian-shrimp CHANGE PROTEIN | SHRIMP | Beef
            
                                ✓ | Chicken
            
                                ✓ | Salmon
            
                                ✓ | Shrimp
            
                                ✓ | Tofu
            
                                ✓
